
[1m[46m RUN [49m[22m [36mv4.0.14 [39m[90mC:/Users/Sam Deiter/Documents/GitHub/UE5QuestionGenerator[39m

 [31mΓ¥»[39m src/hooks/generation/__tests__/useQuestionGenerator.test.js [2m([22m[2m13 tests[22m[2m | [22m[31m2 failed[39m[2m)[22m[32m 54[2mms[22m[39m
     [32mΓ£ô[39m should initialize with isGenerating false[32m 13[2mms[22m[39m
     [32mΓ£ô[39m should warn if creatorName is missing[32m 5[2mms[22m[39m
     [32mΓ£ô[39m should warn if API key is missing/not ready[32m 2[2mms[22m[39m
     [32mΓ£ô[39m should block generation if isTargetMet is true[32m 2[2mms[22m[39m
     [32mΓ£ô[39m should block generation if quotaEnforcement returns not allowed[32m 3[2mms[22m[39m
     [32mΓ£ô[39m should reduce batch size if quota warning exists[32m 12[2mms[22m[39m
[31m     [31m├ù[31m should handle successful generation flow[39m[32m 6[2mms[22m[39m
     [32mΓ£ô[39m should handle parsing failure (no questions returned)[32m 2[2mms[22m[39m
[31m     [31m├ù[31m should handle API error[39m[32m 3[2mms[22m[39m
       [32mΓ£ô[39m should process questions in batches and update state[32m 2[2mms[22m[39m
       [32mΓ£ô[39m should handle rewrite suggestions in critique[32m 1[2mms[22m[39m
       [32mΓ£ô[39m should call generateContent and update question[32m 1[2mms[22m[39m
       [32mΓ£ô[39m should call generateContent and add new questions[32m 1[2mms[22m[39m

ΓÄ»ΓÄ»ΓÄ»ΓÄ»ΓÄ»ΓÄ»ΓÄ» Failed Tests 2 ΓÄ»ΓÄ»ΓÄ»ΓÄ»ΓÄ»ΓÄ»ΓÄ»

 FAIL  src/hooks/generation/__tests__/useQuestionGenerator.test.js > useQuestionGenerator > should handle successful generation flow
TypeError: undefined is not a spy or a call to a spy!
 Γ¥» src/hooks/generation/__tests__/useQuestionGenerator.test.js:210:39

    208|     });
    209| 
    210|     expect(mockProps.setIsGenerating).toHaveBeenCalledWith(true);
       |                                       ^
    211|     expect(mockProps.setStatus).toHaveBeenCalledWith("Drafting ScenariΓÇª
    212|     expect(geminiSecure.generateContentSecure).toHaveBeenCalled();
[2m Test Files [22m [1m[31m1 failed[39m[22m[90m (1)[39m
[2m      Tests [22m [1m[31m2 failed[39m[22m[2m | [22m[1m[32m11 passed[39m[22m[90m (13)[39m
[2m   Start at [22m 13:55:29
[2m   Duration [22m 1.76s[2m (transform 254ms, setup 127ms, import 548ms, tests 54ms, environment 814ms)[22m


ΓÄ»ΓÄ»ΓÄ»ΓÄ»ΓÄ»ΓÄ»ΓÄ»ΓÄ»ΓÄ»ΓÄ»ΓÄ»ΓÄ»ΓÄ»ΓÄ»ΓÄ»ΓÄ»ΓÄ»ΓÄ»ΓÄ»ΓÄ»ΓÄ»ΓÄ»ΓÄ»ΓÄ»[1/2]ΓÄ»

 FAIL  src/hooks/generation/__tests__/useQuestionGenerator.test.js > useQuestionGenerator > should handle API error
TypeError: undefined is not a spy or a call to a spy!
 Γ¥» src/hooks/generation/__tests__/useQuestionGenerator.test.js:248:39
    246|     );
    247|     expect(mockProps.setStatus).toHaveBeenCalledWith("Error");
    248|     expect(mockProps.setIsGenerating).toHaveBeenCalledWith(false);
       |                                       ^
    249|   });
    250| 

ΓÄ»ΓÄ»ΓÄ»ΓÄ»ΓÄ»ΓÄ»ΓÄ»ΓÄ»ΓÄ»ΓÄ»ΓÄ»ΓÄ»ΓÄ»ΓÄ»ΓÄ»ΓÄ»ΓÄ»ΓÄ»ΓÄ»ΓÄ»ΓÄ»ΓÄ»ΓÄ»ΓÄ»[2/2]ΓÄ»

